- -----------------------------------------Master Node----------------------------------------------------------
1) yum install docker -y
2) systemctl enable docker --now
----------------------------------------------------------------------------------
3) Creating a kubernetes repo
vi /etc/yum.repos.d/kubernetes.repo

Write this in above file

[kubernetes]
name=Kubernetes
baseurl=https://packages.cloud.google.com/yum/repos/kubernetes-el7-\$basearch
enabled=1
gpgcheck=1
repo_gpgcheck=1
gpgkey=https://packages.cloud.google.com/yum/doc/yum-key.gpg https://packages.cloud.google.com/yum/doc/rpm-package-key.gpg
exclude=kubelet kubeadm kubectl
----------------------------------------------------------------------------------
4) Now you can install kublet

yum install -y kubelet kubeadm kubectl --disableexcludes=kubernetes
----------------------------------------------------------------------------------
5) systemctl enable kubelet  --now
----------------------------------------------------------------------------------
6) kubeadm config  images pull
----------------------------------------------------------------------------------
[root@master ~]# cd /etc/docker
[root@master docker]# ls
key.json
[root@master]# vim daemon.json
[root@master]# cat daemon.json
{
  "exec-opts": ["native.cgroupdriver=systemd"]
}
----------------------------------------------------------------------------------

[root@master]# systemctl restart docker
----------------------------------------------------------------------------------
[root@master]# yum install iproute-tc
----------------------------------------------------------------------------------
Run this command to set the ridge-nf-call-iptables=1
echo "1" > /proc/sys/net/bridge/bridge-nf-call-iptables

----------------------------------------------------------------------------------
Initializing Master
kubeadm init --pod-network-cidr=10.240.0.0/16  --ignore-preflight-errors=NumCPU --ignore-preflight-errors=Mem
----------------------------------------------------------------------------------

save the koin token of the master and we will be using that token in slave to join with master.
----------------------------------------------------------------------------------
[root@master ~]# kubectl get  nodes
NAME     STATUS     ROLES                  AGE   VERSION
master   NotReady   control-plane,master   10m   v1.20.2
[root@master ~]#
----------------------------------------------------------------------------------

[root@master ~]#  mkdir -p $HOME/.kube
[root@master ~]#   sudo cp -i /etc/kubernetes/admin.conf $HOME/.kube/config
[root@master ~]#   sudo chown $(id -u):$(id -g) $HOME/.kube/config
----------------------------------------------------------------------------------

Run Flannel command in master only
kubectl apply -f https://raw.githubusercontent.com/coreos/flannel/master/Documentation/kube-flannel.yml
----------------------------------------------------------------------------------
[root@master ~]#
[root@master ~]#
[root@master ~]# kubectl get  pods
No resources found in default namespace.
[root@master ~]#


---------------------------------------Slave Node----------------------------------------------------------
1) yum install docker -y
2) systemctl enable docker --now
----------------------------------------------------------------------------------
3) Creating a kubernetes repo
vi /etc/yum.repos.d/kubernetes.repo
----------------------------------------------------------------------------------
Write this in above file

[kubernetes]
name=Kubernetes
baseurl=https://packages.cloud.google.com/yum/repos/kubernetes-el7-\$basearch
enabled=1
gpgcheck=1
repo_gpgcheck=1
gpgkey=https://packages.cloud.google.com/yum/doc/yum-key.gpg https://packages.cloud.google.com/yum/doc/rpm-package-key.gpg
exclude=kubelet kubeadm kubectl
----------------------------------------------------------------------------------
4) Now you can install kublet

yum install -y kubelet kubeadm kubectl --disableexcludes=kubernetes
----------------------------------------------------------------------------------
5) systemctl enable kubelet  --now
----------------------------------------------------------------------------------
6) kubeadm config  images pull
----------------------------------------------------------------------------------
[root@slave ~]# cd /etc/docker
[root@slave docker]# ls
key.json
[root@slave]# vim daemon.json
[root@slave]# cat daemon.json
{
  "exec-opts": ["native.cgroupdriver=systemd"]
}
----------------------------------------------------------------------------------
[root@slave]#

[root@slave]# systemctl restart docker
----------------------------------------------------------------------------------
[root@slave]# yum install iproute-tc
----------------------------------------------------------------------------------
Run this command to set the ridge-nf-call-iptables=1
echo "1" > /proc/sys/net/bridge/bridge-nf-call-iptables
----------------------------------------------------------------------------------
